djfadj
